{"status":{"code":200,"text":"OK"},"result":{
  "id": 22,
  "unique_id": "beboer",
  "name": "beboer",
  "description": null,
  "members": {
    "users": [
      "halvargimnes"
    ],
    "groups": []
  },
  "members_relation": {
    "halvargimnes": [
      "beboer"
    ]
  },
  "owners": {
    "users": [],
    "groups": [
      "admin"
    ]
  },
  "members_data": {
    "halvargimnes": {
      "id": 1,
      "unique_id": "halvargimnes",
      "username": "halvargimnes",
      "email": "halvargimnes@foreningenbs.no",
      "realname": "Halvar Gimnes",
      "phone": null,
      "groups_relation": {
        "beboer": [
          "beboer"
        ]
      },
      "groupsowner_relation": {}
    }
  }
}}