{"status":{"code":200,"text":"OK"},"result":[
  {
    "id": 1,
    "unique_id": "halvargimnes",
    "username": "halvargimnes",
    "email": "halvargimnes@foreningenbs.no",
    "realname": "Halvar Gimnes",
    "phone": null
  }
]}