{"status":{"code":200,"text":"OK"},"result":[
  {
    "id": 1,
    "unique_id": "halvargimnes",
    "username": "halvargimnes",
    "email": "halvargimnes@foreningenbs.no",
    "realname": "Halvar Gimnes",
    "phone": null
  },
  {
    "id": 2,
    "unique_id": "admin1",
    "username": "admin1",
    "email": null,
    "realname": "Admin 1",
    "phone": null
  }
]}