{"status":{"code":200,"text":"OK"},"result":[
  {
    "id": 22,
    "unique_id": "beboer",
    "name": "beboer",
    "description": null
  },
  {
    "id": 21,
    "unique_id": "admin",
    "name": "admin",
    "description": null
  }
]}